Flow report for Lab1Demo
Fri Oct 09 18:40:14 2026
Quartus Prime Version 17.0.0 Build 595 04/25/2017 SJ Lite Edition


---------------------
; Table of Contents ;
---------------------
  1. Legal Notice
  2. Flow Summary
  3. Flow Settings
  4. Flow Non-Default Global Settings
  5. Flow Elapsed Time
  6. Flow OS Summary
  7. Flow Log
  8. Flow Messages
  9. Flow Suppressed Messages



----------------
; Legal Notice ;
----------------
Copyright (C) 2017  Intel Corporation. All rights reserved.
Your use of Intel Corporation's design tools, logic functions 
and other software and tools, and its AMPP partner logic 
functions, and any output files from any of the foregoing 
(including device programming or simulation files), and any 
associated documentation or information are expressly subject 
to the terms and conditions of the Intel Program License 
Subscription Agreement, the Intel Quartus Prime License Agreement,
the Intel MegaCore Function License Agreement, or other 
applicable license agreement, including, without limitation, 
that your use is for the sole purpose of programming logic 
devices manufactured by Intel and sold by Intel or its 
authorized distributors.  Please refer to the applicable 
agreement for further details.



+-------------------------------------------------------------------------------+
; Flow Summary                                                                  ;
+---------------------------------+---------------------------------------------+
; Flow Status                     ; Successful - Fri Oct 09 18:40:14 2026       ;
; Quartus Prime Version           ; 17.0.0 Build 595 04/25/2017 SJ Lite Edition ;
; Revision Name                   ; Lab1Demo                                    ;
; Top-level Entity Name           ; TOP_VGA_DEMO                                ;
; Family                          ; Cyclone V                                   ;
; Device                          ; 5CSXFC6D6F31C6                              ;
; Timing Models                   ; Final                                       ;
; Logic utilization (in ALMs)     ; 6,563 / 41,910 ( 16 % )                     ;
; Total registers                 ; 5665                                        ;
; Total pins                      ; 91 / 499 ( 18 % )                           ;
; Total virtual pins              ; 0                                           ;
; Total block memory bits         ; 1,392,128 / 5,662,720 ( 25 % )              ;
; Total DSP Blocks                ; 1 / 112 ( < 1 % )                           ;
; Total HSSI RX PCSs              ; 0 / 9 ( 0 % )                               ;
; Total HSSI PMA RX Deserializers ; 0 / 9 ( 0 % )                               ;
; Total HSSI TX PCSs              ; 0 / 9 ( 0 % )                               ;
; Total HSSI PMA TX Serializers   ; 0 / 9 ( 0 % )                               ;
; Total PLLs                      ; 1 / 15 ( 7 % )                              ;
; Total DLLs                      ; 0 / 4 ( 0 % )                               ;
+---------------------------------+---------------------------------------------+


+-----------------------------------------+
; Flow Settings                           ;
+-------------------+---------------------+
; Option            ; Setting             ;
+-------------------+---------------------+
; Start date & time ; 10/09/2026 18:32:54 ;
; Main task         ; Compilation         ;
; Revision Name     ; Lab1Demo            ;
+-------------------+---------------------+


+-------------------------------------------------------------------------------------------------------------------------------------------+
; Flow Non-Default Global Settings                                                                                                          ;
+-------------------------------------+---------------------------------------------------+---------------+--------------+------------------+
; Assignment Name                     ; Value                                             ; Default Value ; Entity Name  ; Section Id       ;
+-------------------------------------+---------------------------------------------------+---------------+--------------+------------------+
; COMPILER_SIGNATURE_ID               ; 71205094799352.179155997318648                    ; --            ; --           ; --               ;
; ENABLE_SIGNALTAP                    ; On                                                ; --            ; --           ; --               ;
; FITTER_EFFORT                       ; Fast Fit                                          ; Auto Fit      ; --           ; --               ;
; MAX_CORE_JUNCTION_TEMP              ; 85                                                ; --            ; --           ; --               ;
; MESSAGE_DISABLE                     ; 292013                                            ; --            ; --           ; --               ;
; MESSAGE_DISABLE                     ; 12240                                             ; --            ; --           ; --               ;
; MIN_CORE_JUNCTION_TEMP              ; 0                                                 ; --            ; --           ; --               ;
; MISC_FILE                           ; CLK_31P5.cmp                                      ; --            ; --           ; --               ;
; MISC_FILE                           ; CLK_31P5_sim/CLK_31P5.vo                          ; --            ; --           ; --               ;
; NUM_PARALLEL_PROCESSORS             ; All                                               ; --            ; --           ; --               ;
; OPTIMIZE_HOLD_TIMING                ; Off                                               ; All Paths     ; --           ; --               ;
; PARTITION_COLOR                     ; -- (Not supported for targeted family)            ; --            ; TOP_VGA_DEMO ; Top              ;
; PARTITION_FITTER_PRESERVATION_LEVEL ; -- (Not supported for targeted family)            ; --            ; TOP_VGA_DEMO ; Top              ;
; PARTITION_NETLIST_TYPE              ; -- (Not supported for targeted family)            ; --            ; TOP_VGA_DEMO ; Top              ;
; PHYSICAL_SYNTHESIS_EFFORT           ; Fast                                              ; Normal        ; --           ; --               ;
; POWER_BOARD_THERMAL_MODEL           ; None (CONSERVATIVE)                               ; --            ; --           ; --               ;
; POWER_PRESET_COOLING_SOLUTION       ; 23 MM HEAT SINK WITH 200 LFPM AIRFLOW             ; --            ; --           ; --               ;
; PROJECT_OUTPUT_DIRECTORY            ; output_files                                      ; --            ; --           ; --               ;
; SLD_NODE_CREATOR_ID                 ; 110                                               ; --            ; --           ; auto_signaltap_0 ;
; SLD_NODE_ENTITY_NAME                ; sld_signaltap                                     ; --            ; --           ; auto_signaltap_0 ;
; SLD_NODE_PARAMETER_ASSIGNMENT       ; SLD_RAM_BLOCK_TYPE=AUTO                           ; --            ; --           ; auto_signaltap_0 ;
; SLD_NODE_PARAMETER_ASSIGNMENT       ; SLD_NODE_INFO=805334528                           ; --            ; --           ; auto_signaltap_0 ;
; SLD_NODE_PARAMETER_ASSIGNMENT       ; SLD_POWER_UP_TRIGGER=0                            ; --            ; --           ; auto_signaltap_0 ;
; SLD_NODE_PARAMETER_ASSIGNMENT       ; SLD_SEGMENT_SIZE=8192                             ; --            ; --           ; auto_signaltap_0 ;
; SLD_NODE_PARAMETER_ASSIGNMENT       ; SLD_ATTRIBUTE_MEM_MODE=OFF                        ; --            ; --           ; auto_signaltap_0 ;
; SLD_NODE_PARAMETER_ASSIGNMENT       ; SLD_STATE_FLOW_USE_GENERATED=0                    ; --            ; --           ; auto_signaltap_0 ;
; SLD_NODE_PARAMETER_ASSIGNMENT       ; SLD_STATE_BITS=11                                 ; --            ; --           ; auto_signaltap_0 ;
; SLD_NODE_PARAMETER_ASSIGNMENT       ; SLD_BUFFER_FULL_STOP=1                            ; --            ; --           ; auto_signaltap_0 ;
; SLD_NODE_PARAMETER_ASSIGNMENT       ; SLD_CURRENT_RESOURCE_WIDTH=1                      ; --            ; --           ; auto_signaltap_0 ;
; SLD_NODE_PARAMETER_ASSIGNMENT       ; SLD_INCREMENTAL_ROUTING=1                         ; --            ; --           ; auto_signaltap_0 ;
; SLD_NODE_PARAMETER_ASSIGNMENT       ; SLD_TRIGGER_LEVEL=1                               ; --            ; --           ; auto_signaltap_0 ;
; SLD_NODE_PARAMETER_ASSIGNMENT       ; SLD_SAMPLE_DEPTH=8192                             ; --            ; --           ; auto_signaltap_0 ;
; SLD_NODE_PARAMETER_ASSIGNMENT       ; SLD_TRIGGER_IN_ENABLED=0                          ; --            ; --           ; auto_signaltap_0 ;
; SLD_NODE_PARAMETER_ASSIGNMENT       ; SLD_TRIGGER_PIPELINE=0                            ; --            ; --           ; auto_signaltap_0 ;
; SLD_NODE_PARAMETER_ASSIGNMENT       ; SLD_RAM_PIPELINE=0                                ; --            ; --           ; auto_signaltap_0 ;
; SLD_NODE_PARAMETER_ASSIGNMENT       ; SLD_COUNTER_PIPELINE=0                            ; --            ; --           ; auto_signaltap_0 ;
; SLD_NODE_PARAMETER_ASSIGNMENT       ; SLD_ADVANCED_TRIGGER_ENTITY=basic,1,              ; --            ; --           ; auto_signaltap_0 ;
; SLD_NODE_PARAMETER_ASSIGNMENT       ; SLD_TRIGGER_LEVEL_PIPELINE=1                      ; --            ; --           ; auto_signaltap_0 ;
; SLD_NODE_PARAMETER_ASSIGNMENT       ; SLD_ENABLE_ADVANCED_TRIGGER=0                     ; --            ; --           ; auto_signaltap_0 ;
; SLD_NODE_PARAMETER_ASSIGNMENT       ; SLD_STORAGE_QUALIFIER_INVERSION_MASK_LENGTH=0     ; --            ; --           ; auto_signaltap_0 ;
; SLD_NODE_PARAMETER_ASSIGNMENT       ; SLD_TRIGGER_BITS=1                                ; --            ; --           ; auto_signaltap_0 ;
; SLD_NODE_PARAMETER_ASSIGNMENT       ; SLD_INVERSION_MASK=000000000000000000000000000000 ; --            ; --           ; auto_signaltap_0 ;
; SLD_NODE_PARAMETER_ASSIGNMENT       ; SLD_INVERSION_MASK_LENGTH=30                      ; --            ; --           ; auto_signaltap_0 ;
; SLD_NODE_PARAMETER_ASSIGNMENT       ; SLD_DATA_BITS=6                                   ; --            ; --           ; auto_signaltap_0 ;
; SLD_NODE_PARAMETER_ASSIGNMENT       ; SLD_STORAGE_QUALIFIER_BITS=6                      ; --            ; --           ; auto_signaltap_0 ;
; SMART_RECOMPILE                     ; On                                                ; Off           ; --           ; --               ;
; SPD_FILE                            ; CLK_31P5.spd                                      ; --            ; --           ; --               ;
; SYNTHESIS_ONLY_QIP                  ; On                                                ; --            ; --           ; --               ;
; TOP_LEVEL_ENTITY                    ; TOP_VGA_DEMO                                      ; Lab1Demo      ; --           ; --               ;
+-------------------------------------+---------------------------------------------------+---------------+--------------+------------------+


+-------------------------------------------------------------------------------------------------------------------------------+
; Flow Elapsed Time                                                                                                             ;
+---------------------------+--------------+-------------------------+---------------------+------------------------------------+
; Module Name               ; Elapsed Time ; Average Processors Used ; Peak Virtual Memory ; Total CPU Time (on all processors) ;
+---------------------------+--------------+-------------------------+---------------------+------------------------------------+
; Analysis & Synthesis      ; 00:00:46     ; 1.0                     ; 5093 MB             ; 00:00:55                           ;
; Fitter                    ; 00:05:11     ; 1.2                     ; 7811 MB             ; 00:36:18                           ;
; TimeQuest Timing Analyzer ; 00:00:14     ; 3.9                     ; 5497 MB             ; 00:00:41                           ;
; Assembler                 ; 00:00:09     ; 1.0                     ; 4945 MB             ; 00:00:09                           ;
; Total                     ; 00:06:20     ; --                      ; --                  ; 00:38:03                           ;
+---------------------------+--------------+-------------------------+---------------------+------------------------------------+


+-----------------------------------------------------------------------------------------+
; Flow OS Summary                                                                         ;
+---------------------------+------------------+------------+------------+----------------+
; Module Name               ; Machine Hostname ; OS Name    ; OS Version ; Processor type ;
+---------------------------+------------------+------------+------------+----------------+
; Analysis & Synthesis      ; Safi-Laptop      ; Windows 10 ; 10.0       ; x86_64         ;
; Fitter                    ; Safi-Laptop      ; Windows 10 ; 10.0       ; x86_64         ;
; TimeQuest Timing Analyzer ; Safi-Laptop      ; Windows 10 ; 10.0       ; x86_64         ;
; Assembler                 ; Safi-Laptop      ; Windows 10 ; 10.0       ; x86_64         ;
+---------------------------+------------------+------------+------------+----------------+


------------
; Flow Log ;
------------
quartus_map Lab1Demo -c Lab1Demo --read_settings_files=on --write_settings_files=off
quartus_fit Lab1Demo -c Lab1Demo --read_settings_files=on --write_settings_files=off
quartus_sta Lab1Demo -c Lab1Demo --do_report_timing
quartus_asm Lab1Demo -c Lab1Demo --read_settings_files=on --write_settings_files=off



